// Jest Snapshot v1, https://goo.gl/fbAQLP

exports[`Test <OrderFinished /> snapshot for OrderFinishedPage component 1`] = `undefined`;
