// Jest Snapshot v1, https://goo.gl/fbAQLP

exports[`Test <UnknownTransactionModal /> should match UnknownTransactionModal snapshot test 1`] = `
<div
  aria-hidden="true"
/>
`;
