// Jest Snapshot v1, https://goo.gl/fbAQLP

exports[`Test <PaymentType /> should match PaymentType snapshot test 1`] = `
<div>
  <div
    class="MuiGrid-root makeStyles-title-3 MuiGrid-item"
  >
    <h1
      class="MuiTypography-root MuiTypography-h6"
    >
      Payment type
    </h1>
  </div>
  <div
    class="MuiGrid-root MuiGrid-container MuiGrid-direction-xs-column"
  >
    <div
      class="MuiGrid-root makeStyles-fieldSpace-5 MuiGrid-container"
    >
      <fieldset
        class="MuiFormControl-root makeStyles-paymentTypeWrapper-12 MuiFormControl-fullWidth"
      >
        <div
          aria-label="paymentType"
          class="MuiFormGroup-root"
          role="radiogroup"
        >
          <label
            class="MuiFormControlLabel-root makeStyles-paymentTypeRadioButton-13"
          >
            <span
              aria-disabled="false"
              class="MuiButtonBase-root MuiIconButton-root PrivateSwitchBase-root-16 MuiRadio-root MuiRadio-colorPrimary PrivateSwitchBase-checked-17 Mui-checked MuiIconButton-colorPrimary"
            >
              <span
                class="MuiIconButton-label"
              >
                <input
                  checked=""
                  class="PrivateSwitchBase-input-19"
                  name="paymentType"
                  type="radio"
                  value="spi"
                />
                <div
                  class="PrivateRadioButtonIcon-root-20 PrivateRadioButtonIcon-checked-22"
                >
                  <svg
                    aria-hidden="true"
                    class="MuiSvgIcon-root"
                    focusable="false"
                    viewBox="0 0 24 24"
                  >
                    <path
                      d="M12 2C6.48 2 2 6.48 2 12s4.48 10 10 10 10-4.48 10-10S17.52 2 12 2zm0 18c-4.42 0-8-3.58-8-8s3.58-8 8-8 8 3.58 8 8-3.58 8-8 8z"
                    />
                  </svg>
                  <svg
                    aria-hidden="true"
                    class="MuiSvgIcon-root PrivateRadioButtonIcon-layer-21"
                    focusable="false"
                    viewBox="0 0 24 24"
                  >
                    <path
                      d="M8.465 8.465C9.37 7.56 10.62 7 12 7C14.76 7 17 9.24 17 12C17 13.38 16.44 14.63 15.535 15.535C14.63 16.44 13.38 17 12 17C9.24 17 7 14.76 7 12C7 10.62 7.56 9.37 8.465 8.465Z"
                    />
                  </svg>
                </div>
              </span>
              <span
                class="MuiTouchRipple-root"
              />
            </span>
            <span
              class="MuiTypography-root MuiFormControlLabel-label MuiTypography-body1"
            >
              <div
                class="MuiBox-root MuiBox-root-23"
              >
                <svg
                  class="makeStyles-paymentTypeRadioButtonIcon-14"
                >
                  SP_logo_SPI.svg
                </svg>
                <span>
                  Simple Payments Integration
                </span>
              </div>
            </span>
          </label>
          <label
            class="MuiFormControlLabel-root makeStyles-paymentTypeRadioButton-13 Mui-disabled"
          >
            <span
              aria-disabled="true"
              class="MuiButtonBase-root MuiIconButton-root PrivateSwitchBase-root-16 MuiRadio-root MuiRadio-colorPrimary PrivateSwitchBase-disabled-18 Mui-disabled MuiIconButton-colorPrimary Mui-disabled Mui-disabled"
              tabindex="-1"
            >
              <span
                class="MuiIconButton-label"
              >
                <input
                  class="PrivateSwitchBase-input-19"
                  disabled=""
                  name="paymentType"
                  type="radio"
                  value="link"
                />
                <div
                  class="PrivateRadioButtonIcon-root-20"
                >
                  <svg
                    aria-hidden="true"
                    class="MuiSvgIcon-root"
                    focusable="false"
                    viewBox="0 0 24 24"
                  >
                    <path
                      d="M12 2C6.48 2 2 6.48 2 12s4.48 10 10 10 10-4.48 10-10S17.52 2 12 2zm0 18c-4.42 0-8-3.58-8-8s3.58-8 8-8 8 3.58 8 8-3.58 8-8 8z"
                    />
                  </svg>
                  <svg
                    aria-hidden="true"
                    class="MuiSvgIcon-root PrivateRadioButtonIcon-layer-21"
                    focusable="false"
                    viewBox="0 0 24 24"
                  >
                    <path
                      d="M8.465 8.465C9.37 7.56 10.62 7 12 7C14.76 7 17 9.24 17 12C17 13.38 16.44 14.63 15.535 15.535C14.63 16.44 13.38 17 12 17C9.24 17 7 14.76 7 12C7 10.62 7.56 9.37 8.465 8.465Z"
                    />
                  </svg>
                </div>
              </span>
            </span>
            <span
              class="MuiTypography-root MuiFormControlLabel-label Mui-disabled MuiTypography-body1"
            >
              <div
                class="MuiBox-root MuiBox-root-24"
              >
                <svg
                  class="makeStyles-paymentTypeRadioButtonIcon-14"
                >
                  SP_logo_linklink.svg
                </svg>
                <span>
                  Cloud Connect
                </span>
              </div>
            </span>
          </label>
          <label
            class="MuiFormControlLabel-root makeStyles-paymentTypeRadioButton-13 Mui-disabled"
          >
            <span
              aria-disabled="true"
              class="MuiButtonBase-root MuiIconButton-root PrivateSwitchBase-root-16 MuiRadio-root MuiRadio-colorPrimary PrivateSwitchBase-disabled-18 Mui-disabled MuiIconButton-colorPrimary Mui-disabled Mui-disabled"
              tabindex="-1"
            >
              <span
                class="MuiIconButton-label"
              >
                <input
                  class="PrivateSwitchBase-input-19"
                  disabled=""
                  name="paymentType"
                  type="radio"
                  value="znv"
                />
                <div
                  class="PrivateRadioButtonIcon-root-20"
                >
                  <svg
                    aria-hidden="true"
                    class="MuiSvgIcon-root"
                    focusable="false"
                    viewBox="0 0 24 24"
                  >
                    <path
                      d="M12 2C6.48 2 2 6.48 2 12s4.48 10 10 10 10-4.48 10-10S17.52 2 12 2zm0 18c-4.42 0-8-3.58-8-8s3.58-8 8-8 8 3.58 8 8-3.58 8-8 8z"
                    />
                  </svg>
                  <svg
                    aria-hidden="true"
                    class="MuiSvgIcon-root PrivateRadioButtonIcon-layer-21"
                    focusable="false"
                    viewBox="0 0 24 24"
                  >
                    <path
                      d="M8.465 8.465C9.37 7.56 10.62 7 12 7C14.76 7 17 9.24 17 12C17 13.38 16.44 14.63 15.535 15.535C14.63 16.44 13.38 17 12 17C9.24 17 7 14.76 7 12C7 10.62 7.56 9.37 8.465 8.465Z"
                    />
                  </svg>
                </div>
              </span>
            </span>
            <span
              class="MuiTypography-root MuiFormControlLabel-label Mui-disabled MuiTypography-body1"
            >
              <div
                class="MuiBox-root MuiBox-root-25"
              >
                <svg
                  class="makeStyles-paymentTypeRadioButtonIcon-14"
                >
                  SP_logo_ZNV.svg
                </svg>
                <span>
                  ZNV PayFast
                </span>
              </div>
            </span>
          </label>
          <label
            class="MuiFormControlLabel-root makeStyles-paymentTypeRadioButton-13 Mui-disabled"
          >
            <span
              aria-disabled="true"
              class="MuiButtonBase-root MuiIconButton-root PrivateSwitchBase-root-16 MuiRadio-root MuiRadio-colorPrimary PrivateSwitchBase-disabled-18 Mui-disabled MuiIconButton-colorPrimary Mui-disabled Mui-disabled"
              tabindex="-1"
            >
              <span
                class="MuiIconButton-label"
              >
                <input
                  class="PrivateSwitchBase-input-19"
                  disabled=""
                  name="paymentType"
                  type="radio"
                  value="fyro"
                />
                <div
                  class="PrivateRadioButtonIcon-root-20"
                >
                  <svg
                    aria-hidden="true"
                    class="MuiSvgIcon-root"
                    focusable="false"
                    viewBox="0 0 24 24"
                  >
                    <path
                      d="M12 2C6.48 2 2 6.48 2 12s4.48 10 10 10 10-4.48 10-10S17.52 2 12 2zm0 18c-4.42 0-8-3.58-8-8s3.58-8 8-8 8 3.58 8 8-3.58 8-8 8z"
                    />
                  </svg>
                  <svg
                    aria-hidden="true"
                    class="MuiSvgIcon-root PrivateRadioButtonIcon-layer-21"
                    focusable="false"
                    viewBox="0 0 24 24"
                  >
                    <path
                      d="M8.465 8.465C9.37 7.56 10.62 7 12 7C14.76 7 17 9.24 17 12C17 13.38 16.44 14.63 15.535 15.535C14.63 16.44 13.38 17 12 17C9.24 17 7 14.76 7 12C7 10.62 7.56 9.37 8.465 8.465Z"
                    />
                  </svg>
                </div>
              </span>
            </span>
            <span
              class="MuiTypography-root MuiFormControlLabel-label Mui-disabled MuiTypography-body1"
            >
              <div
                class="MuiBox-root MuiBox-root-26"
              >
                <svg
                  class="makeStyles-paymentTypeRadioButtonIcon-14"
                >
                  SP_logo_fyro.svg
                </svg>
                <span>
                  Fyro Payments
                </span>
              </div>
            </span>
          </label>
        </div>
      </fieldset>
    </div>
  </div>
</div>
`;
