// Jest Snapshot v1, https://goo.gl/fbAQLP

exports[`Test <PairConfiguration /> should match PairConfiguration snapshot test 1`] = `
<div>
  <div
    class="MuiGrid-root makeStyles-title-3 MuiGrid-item"
  >
    <h1
      class="MuiTypography-root makeStyles-configurationTitle-4 MuiTypography-h6"
    >
      Pairing configuration
    </h1>
  </div>
  <div
    class="MuiGrid-root MuiGrid-container MuiGrid-direction-xs-column"
  >
    <div
      class="MuiGrid-root makeStyles-fieldSpace-5 MuiGrid-container"
    >
      <div
        class="MuiGrid-root makeStyles-columnSpace-9 MuiGrid-item MuiGrid-grid-xs-12 MuiGrid-grid-sm-6"
      >
        <div
          class="MuiFormControl-root MuiFormControl-marginDense MuiFormControl-fullWidth"
          data-test-id="paymentProviderSelector"
        >
          <label
            class="MuiFormLabel-root MuiInputLabel-root MuiInputLabel-formControl MuiInputLabel-animated MuiInputLabel-shrink MuiInputLabel-marginDense MuiInputLabel-outlined MuiFormLabel-filled"
            data-shrink="true"
            data-test-id="paymentProviderLabel"
          >
            Payment provider
          </label>
          <div
            class="MuiInputBase-root MuiOutlinedInput-root makeStyles-pairFormSelector-11 MuiInputBase-formControl MuiInputBase-marginDense MuiOutlinedInput-marginDense"
            data-test-id="paymentProviderSelectorLabel"
          >
            <div
              aria-haspopup="listbox"
              aria-labelledby="paymentProviderSelectorLabel"
              class="MuiSelect-root MuiSelect-select MuiSelect-selectMenu MuiSelect-outlined MuiInputBase-input MuiOutlinedInput-input MuiInputBase-inputMarginDense MuiOutlinedInput-inputMarginDense"
              role="button"
              tabindex="0"
            >
              Payment provider
            </div>
            <input
              aria-hidden="true"
              class="MuiSelect-nativeInput"
              tabindex="-1"
              value="Payment provider"
            />
            <svg
              aria-hidden="true"
              class="MuiSvgIcon-root MuiSelect-icon MuiSelect-iconOutlined"
              focusable="false"
              viewBox="0 0 24 24"
            >
              <path
                d="M7 10l5 5 5-5z"
              />
            </svg>
            <fieldset
              aria-hidden="true"
              class="PrivateNotchedOutline-root-16 MuiOutlinedInput-notchedOutline"
            >
              <legend
                class="PrivateNotchedOutline-legendLabelled-18 PrivateNotchedOutline-legendNotched-19"
              >
                <span>
                  Payment provider
                </span>
              </legend>
            </fieldset>
          </div>
        </div>
      </div>
      <div
        class="MuiGrid-root MuiGrid-item MuiGrid-grid-xs-12 MuiGrid-grid-sm-6"
      >
        <div
          class="MuiFormControl-root MuiTextField-root WithStyles(ForwardRef(TextField))-root-20 MuiFormControl-marginDense MuiFormControl-fullWidth"
          data-test-id="paymentProviderField"
          theme="[object Object]"
        >
          <label
            class="MuiFormLabel-root MuiInputLabel-root MuiInputLabel-formControl MuiInputLabel-animated MuiInputLabel-marginDense MuiInputLabel-outlined Mui-disabled Mui-disabled"
            data-shrink="false"
          >
            (Other) Please specify
          </label>
          <div
            class="MuiInputBase-root MuiOutlinedInput-root Mui-disabled Mui-disabled MuiInputBase-fullWidth MuiInputBase-formControl MuiInputBase-adornedEnd MuiOutlinedInput-adornedEnd MuiInputBase-marginDense MuiOutlinedInput-marginDense"
          >
            <input
              aria-invalid="false"
              class="MuiInputBase-input MuiOutlinedInput-input Mui-disabled Mui-disabled MuiInputBase-inputAdornedEnd MuiOutlinedInput-inputAdornedEnd MuiInputBase-inputMarginDense MuiOutlinedInput-inputMarginDense"
              disabled=""
              type="text"
              value=""
            />
            
            <fieldset
              aria-hidden="true"
              class="PrivateNotchedOutline-root-16 MuiOutlinedInput-notchedOutline"
            >
              <legend
                class="PrivateNotchedOutline-legendLabelled-18"
              >
                <span>
                  (Other) Please specify
                </span>
              </legend>
            </fieldset>
          </div>
          
        </div>
      </div>
    </div>
    <div
      class="MuiGrid-root makeStyles-fieldSpace-5 MuiGrid-container"
    >
      <div
        class="MuiGrid-root makeStyles-columnSpace-9 MuiGrid-item MuiGrid-grid-xs-12 MuiGrid-grid-sm-6"
      >
        <div
          class="MuiFormControl-root MuiFormControl-marginDense MuiFormControl-fullWidth"
          data-test-id="configurationTypeSelector"
        >
          <label
            class="MuiFormLabel-root MuiInputLabel-root MuiInputLabel-formControl MuiInputLabel-animated MuiInputLabel-shrink MuiInputLabel-marginDense MuiInputLabel-outlined MuiFormLabel-filled"
            data-shrink="true"
            data-test-id="configurationLabel"
          >
            Configuration option
          </label>
          <div
            class="MuiInputBase-root MuiOutlinedInput-root makeStyles-pairFormSelector-11 MuiInputBase-formControl MuiInputBase-marginDense MuiOutlinedInput-marginDense"
            data-test-id="configurationSelector"
          >
            <div
              aria-haspopup="listbox"
              aria-labelledby="configurationDropdownLabel"
              class="MuiSelect-root MuiSelect-select MuiSelect-selectMenu MuiSelect-outlined MuiInputBase-input MuiOutlinedInput-input MuiInputBase-inputMarginDense MuiOutlinedInput-inputMarginDense"
              role="button"
              tabindex="0"
            >
              EFTPOS address
            </div>
            <input
              aria-hidden="true"
              class="MuiSelect-nativeInput"
              tabindex="-1"
              value="eftpos"
            />
            <svg
              aria-hidden="true"
              class="MuiSvgIcon-root MuiSelect-icon MuiSelect-iconOutlined"
              focusable="false"
              viewBox="0 0 24 24"
            >
              <path
                d="M7 10l5 5 5-5z"
              />
            </svg>
            <fieldset
              aria-hidden="true"
              class="PrivateNotchedOutline-root-16 MuiOutlinedInput-notchedOutline"
            >
              <legend
                class="PrivateNotchedOutline-legendLabelled-18 PrivateNotchedOutline-legendNotched-19"
              >
                <span>
                  Configuration option
                </span>
              </legend>
            </fieldset>
          </div>
        </div>
      </div>
      <div
        class="MuiGrid-root MuiGrid-item MuiGrid-grid-xs-12 MuiGrid-grid-sm-6"
      >
        <div
          class="MuiFormControl-root MuiTextField-root WithStyles(ForwardRef(TextField))-root-20 MuiFormControl-marginDense MuiFormControl-fullWidth"
          data-test-id="eftposAddressField"
          theme="[object Object]"
        >
          <label
            class="MuiFormLabel-root MuiInputLabel-root MuiInputLabel-formControl MuiInputLabel-animated MuiInputLabel-marginDense MuiInputLabel-outlined"
            data-shrink="false"
          >
            EFTPOS address
          </label>
          <div
            class="MuiInputBase-root MuiOutlinedInput-root MuiInputBase-fullWidth MuiInputBase-formControl MuiInputBase-adornedEnd MuiOutlinedInput-adornedEnd MuiInputBase-marginDense MuiOutlinedInput-marginDense"
          >
            <input
              aria-invalid="false"
              class="MuiInputBase-input MuiOutlinedInput-input MuiInputBase-inputAdornedEnd MuiOutlinedInput-inputAdornedEnd MuiInputBase-inputMarginDense MuiOutlinedInput-inputMarginDense"
              type="text"
              value=""
            />
            
            <fieldset
              aria-hidden="true"
              class="PrivateNotchedOutline-root-16 MuiOutlinedInput-notchedOutline"
            >
              <legend
                class="PrivateNotchedOutline-legendLabelled-18"
              >
                <span>
                  EFTPOS address
                </span>
              </legend>
            </fieldset>
          </div>
          
        </div>
      </div>
    </div>
    <div
      class="MuiGrid-root makeStyles-fieldSpace-5 MuiGrid-item"
    >
      <div
        class="MuiFormControl-root MuiTextField-root WithStyles(ForwardRef(TextField))-root-20 MuiFormControl-marginDense MuiFormControl-fullWidth"
        data-test-id="serialNumberField"
        theme="[object Object]"
      >
        <label
          class="MuiFormLabel-root MuiInputLabel-root MuiInputLabel-formControl MuiInputLabel-animated MuiInputLabel-marginDense MuiInputLabel-outlined Mui-required Mui-required"
          data-shrink="false"
        >
          Serial number
          <span
            aria-hidden="true"
            class="MuiFormLabel-asterisk MuiInputLabel-asterisk"
          >
            â€‰
            *
          </span>
        </label>
        <div
          class="MuiInputBase-root MuiOutlinedInput-root MuiInputBase-fullWidth MuiInputBase-formControl MuiInputBase-adornedEnd MuiOutlinedInput-adornedEnd MuiInputBase-marginDense MuiOutlinedInput-marginDense"
        >
          <input
            aria-invalid="false"
            class="MuiInputBase-input MuiOutlinedInput-input MuiInputBase-inputAdornedEnd MuiOutlinedInput-inputAdornedEnd MuiInputBase-inputMarginDense MuiOutlinedInput-inputMarginDense"
            required=""
            type="text"
            value=""
          />
          
          <fieldset
            aria-hidden="true"
            class="PrivateNotchedOutline-root-16 MuiOutlinedInput-notchedOutline"
          >
            <legend
              class="PrivateNotchedOutline-legendLabelled-18"
            >
              <span>
                Serial number
                Â *
              </span>
            </legend>
          </fieldset>
        </div>
        
      </div>
    </div>
    <div
      class="MuiGrid-root makeStyles-fieldSpace-5 MuiGrid-item"
    >
      <div
        class="MuiFormControl-root MuiTextField-root WithStyles(ForwardRef(TextField))-root-20 MuiFormControl-marginDense MuiFormControl-fullWidth"
        data-test-id="posIdField"
        theme="[object Object]"
      >
        <label
          class="MuiFormLabel-root MuiInputLabel-root MuiInputLabel-formControl MuiInputLabel-animated MuiInputLabel-marginDense MuiInputLabel-outlined Mui-required Mui-required"
          data-shrink="false"
        >
          POS ID
          <span
            aria-hidden="true"
            class="MuiFormLabel-asterisk MuiInputLabel-asterisk"
          >
            â€‰
            *
          </span>
        </label>
        <div
          class="MuiInputBase-root MuiOutlinedInput-root MuiInputBase-fullWidth MuiInputBase-formControl MuiInputBase-adornedEnd MuiOutlinedInput-adornedEnd MuiInputBase-marginDense MuiOutlinedInput-marginDense"
        >
          <input
            aria-invalid="false"
            class="MuiInputBase-input MuiOutlinedInput-input MuiInputBase-inputAdornedEnd MuiOutlinedInput-inputAdornedEnd MuiInputBase-inputMarginDense MuiOutlinedInput-inputMarginDense"
            maxlength="16"
            required=""
            type="text"
            value=""
          />
          
          <fieldset
            aria-hidden="true"
            class="PrivateNotchedOutline-root-16 MuiOutlinedInput-notchedOutline"
          >
            <legend
              class="PrivateNotchedOutline-legendLabelled-18"
            >
              <span>
                POS ID
                Â *
              </span>
            </legend>
          </fieldset>
        </div>
        
      </div>
    </div>
    <div
      class="MuiGrid-root makeStyles-fieldSpace-5 MuiGrid-item"
    >
      <label
        class="MuiFormControlLabel-root"
      >
        <span
          aria-disabled="false"
          class="MuiButtonBase-root MuiIconButton-root PrivateSwitchBase-root-21 MuiCheckbox-root MuiCheckbox-colorPrimary PrivateSwitchBase-checked-22 Mui-checked MuiIconButton-colorPrimary"
          data-test-id="testModeCheckbox"
        >
          <span
            class="MuiIconButton-label"
          >
            <input
              checked=""
              class="PrivateSwitchBase-input-24"
              data-indeterminate="false"
              name="testMode"
              type="checkbox"
              value=""
            />
            <svg
              aria-hidden="true"
              class="MuiSvgIcon-root"
              focusable="false"
              viewBox="0 0 24 24"
            >
              <path
                d="M19 3H5c-1.11 0-2 .9-2 2v14c0 1.1.89 2 2 2h14c1.11 0 2-.9 2-2V5c0-1.1-.89-2-2-2zm-9 14l-5-5 1.41-1.41L10 14.17l7.59-7.59L19 8l-9 9z"
              />
            </svg>
          </span>
          <span
            class="MuiTouchRipple-root"
          />
        </span>
        <span
          class="MuiTypography-root MuiFormControlLabel-label MuiTypography-body1"
        >
          Test mode
        </span>
      </label>
    </div>
  </div>
</div>
`;
