// Jest Snapshot v1, https://goo.gl/fbAQLP

exports[`Test <Snackbar /> should match Snackbar snapshot test 1`] = `
<div>
  <span />
</div>
`;
