// Jest Snapshot v1, https://goo.gl/fbAQLP

exports[`Test <KeyPad /> snapshot for KeyPad component 1`] = `
<div>
  <div
    class="MuiPaper-root MuiBox-root MuiBox-root-11 makeStyles-root-1 MuiPaper-elevation1 MuiPaper-rounded"
  >
    <div
      class="MuiBox-root MuiBox-root-12 makeStyles-heading-2"
    >
      <h1
        class="MuiTypography-root MuiTypography-h6"
      >
        Surcharge
      </h1>
      <div
        class="MuiBox-root MuiBox-root-13"
      >
        <button
          aria-label="Close Button"
          class="MuiButtonBase-root MuiButton-root MuiButton-text"
          tabindex="0"
          type="button"
        >
          <span
            class="MuiButton-label"
          >
            <svg
              aria-hidden="true"
              class="MuiSvgIcon-root"
              focusable="false"
              viewBox="0 0 24 24"
            >
              <path
                d="M19 6.41L17.59 5 12 10.59 6.41 5 5 6.41 10.59 12 5 17.59 6.41 19 12 13.41 17.59 19 19 17.59 13.41 12z"
              />
            </svg>
          </span>
          <span
            class="MuiTouchRipple-root"
          />
        </button>
      </div>
    </div>
    <hr
      class="MuiDivider-root"
    />
    <div
      class="MuiBox-root MuiBox-root-14 makeStyles-keypadDisplay-4"
    >
      <p
        class="MuiTypography-root makeStyles-keypadDisplayLabel-5 MuiTypography-body1"
      >
        Enter surcharge amount
      </p>
      <h1
        class="MuiTypography-root makeStyles-keypadDisplayAmount-6 MuiTypography-h6"
      >
        0
      </h1>
    </div>
    <hr
      class="MuiDivider-root"
    />
    <div
      class="MuiGrid-root makeStyles-grid-3 MuiGrid-container"
    >
      <div
        class="MuiGrid-root MuiGrid-item MuiGrid-grid-sm-4"
      >
        <button
          class="MuiButtonBase-root MuiButton-root makeStyles-keypadBtn-7 MuiButton-outlined MuiButton-outlinedPrimary MuiButton-fullWidth"
          tabindex="0"
          type="button"
        >
          <span
            class="MuiButton-label makeStyles-keypadBtnLabel-8"
          >
            1
          </span>
          <span
            class="MuiTouchRipple-root"
          />
        </button>
      </div>
      <div
        class="MuiGrid-root MuiGrid-item MuiGrid-grid-sm-4"
      >
        <button
          class="MuiButtonBase-root MuiButton-root makeStyles-keypadBtn-7 MuiButton-outlined MuiButton-outlinedPrimary MuiButton-fullWidth"
          tabindex="0"
          type="button"
        >
          <span
            class="MuiButton-label makeStyles-keypadBtnLabel-8"
          >
            2
          </span>
          <span
            class="MuiTouchRipple-root"
          />
        </button>
      </div>
      <div
        class="MuiGrid-root MuiGrid-item MuiGrid-grid-sm-4"
      >
        <button
          class="MuiButtonBase-root MuiButton-root makeStyles-keypadBtn-7 MuiButton-outlined MuiButton-outlinedPrimary MuiButton-fullWidth"
          tabindex="0"
          type="button"
        >
          <span
            class="MuiButton-label makeStyles-keypadBtnLabel-8"
          >
            3
          </span>
          <span
            class="MuiTouchRipple-root"
          />
        </button>
      </div>
      <div
        class="MuiGrid-root MuiGrid-item MuiGrid-grid-sm-4"
      >
        <button
          class="MuiButtonBase-root MuiButton-root makeStyles-keypadBtn-7 MuiButton-outlined MuiButton-outlinedPrimary MuiButton-fullWidth"
          tabindex="0"
          type="button"
        >
          <span
            class="MuiButton-label makeStyles-keypadBtnLabel-8"
          >
            4
          </span>
          <span
            class="MuiTouchRipple-root"
          />
        </button>
      </div>
      <div
        class="MuiGrid-root MuiGrid-item MuiGrid-grid-sm-4"
      >
        <button
          class="MuiButtonBase-root MuiButton-root makeStyles-keypadBtn-7 MuiButton-outlined MuiButton-outlinedPrimary MuiButton-fullWidth"
          tabindex="0"
          type="button"
        >
          <span
            class="MuiButton-label makeStyles-keypadBtnLabel-8"
          >
            5
          </span>
          <span
            class="MuiTouchRipple-root"
          />
        </button>
      </div>
      <div
        class="MuiGrid-root MuiGrid-item MuiGrid-grid-sm-4"
      >
        <button
          class="MuiButtonBase-root MuiButton-root makeStyles-keypadBtn-7 MuiButton-outlined MuiButton-outlinedPrimary MuiButton-fullWidth"
          tabindex="0"
          type="button"
        >
          <span
            class="MuiButton-label makeStyles-keypadBtnLabel-8"
          >
            6
          </span>
          <span
            class="MuiTouchRipple-root"
          />
        </button>
      </div>
      <div
        class="MuiGrid-root MuiGrid-item MuiGrid-grid-sm-4"
      >
        <button
          class="MuiButtonBase-root MuiButton-root makeStyles-keypadBtn-7 MuiButton-outlined MuiButton-outlinedPrimary MuiButton-fullWidth"
          tabindex="0"
          type="button"
        >
          <span
            class="MuiButton-label makeStyles-keypadBtnLabel-8"
          >
            7
          </span>
          <span
            class="MuiTouchRipple-root"
          />
        </button>
      </div>
      <div
        class="MuiGrid-root MuiGrid-item MuiGrid-grid-sm-4"
      >
        <button
          class="MuiButtonBase-root MuiButton-root makeStyles-keypadBtn-7 MuiButton-outlined MuiButton-outlinedPrimary MuiButton-fullWidth"
          tabindex="0"
          type="button"
        >
          <span
            class="MuiButton-label makeStyles-keypadBtnLabel-8"
          >
            8
          </span>
          <span
            class="MuiTouchRipple-root"
          />
        </button>
      </div>
      <div
        class="MuiGrid-root MuiGrid-item MuiGrid-grid-sm-4"
      >
        <button
          class="MuiButtonBase-root MuiButton-root makeStyles-keypadBtn-7 MuiButton-outlined MuiButton-outlinedPrimary MuiButton-fullWidth"
          tabindex="0"
          type="button"
        >
          <span
            class="MuiButton-label makeStyles-keypadBtnLabel-8"
          >
            9
          </span>
          <span
            class="MuiTouchRipple-root"
          />
        </button>
      </div>
      <div
        class="MuiGrid-root MuiGrid-item MuiGrid-grid-sm-4"
      >
        <button
          class="MuiButtonBase-root MuiButton-root makeStyles-keypadBtn-7 MuiButton-outlined MuiButton-outlinedPrimary MuiButton-fullWidth"
          tabindex="0"
          type="button"
        >
          <span
            class="MuiButton-label makeStyles-keypadBtnLabel-8"
          >
            <svg
              aria-hidden="true"
              class="MuiSvgIcon-root makeStyles-keypadBtnLabel-8"
              focusable="false"
              viewBox="0 0 24 24"
            >
              <path
                d="M22 3H7c-.69 0-1.23.35-1.59.88L0 12l5.41 8.11c.36.53.9.89 1.59.89h15c1.1 0 2-.9 2-2V5c0-1.1-.9-2-2-2zm0 16H7.07L2.4 12l4.66-7H22v14zm-11.59-2L14 13.41 17.59 17 19 15.59 15.41 12 19 8.41 17.59 7 14 10.59 10.41 7 9 8.41 12.59 12 9 15.59z"
              />
            </svg>
          </span>
          <span
            class="MuiTouchRipple-root"
          />
        </button>
      </div>
      <div
        class="MuiGrid-root MuiGrid-item MuiGrid-grid-sm-4"
      >
        <button
          class="MuiButtonBase-root MuiButton-root makeStyles-keypadBtn-7 MuiButton-outlined MuiButton-outlinedPrimary MuiButton-fullWidth"
          tabindex="0"
          type="button"
        >
          <span
            class="MuiButton-label makeStyles-keypadBtnLabel-8"
          >
            0
          </span>
          <span
            class="MuiTouchRipple-root"
          />
        </button>
      </div>
      <div
        class="MuiGrid-root MuiGrid-item MuiGrid-grid-sm-4"
      >
        <button
          class="MuiButtonBase-root MuiButton-root makeStyles-keypadBtn-7 MuiButton-outlined MuiButton-outlinedPrimary MuiButton-fullWidth"
          tabindex="0"
          type="button"
        >
          <span
            class="MuiButton-label makeStyles-keypadBtnLabel-8"
          >
            .
          </span>
          <span
            class="MuiTouchRipple-root"
          />
        </button>
      </div>
    </div>
    <hr
      class="MuiDivider-root"
    />
    <button
      class="MuiButtonBase-root MuiButton-root makeStyles-okBtn-9 MuiButton-contained MuiButton-containedPrimary MuiButton-containedSizeLarge MuiButton-sizeLarge"
      tabindex="0"
      type="button"
    >
      <span
        class="MuiButton-label makeStyles-okBtnLabel-10"
      >
        OK
      </span>
      <span
        class="MuiTouchRipple-root"
      />
    </button>
  </div>
</div>
`;
