// Jest Snapshot v1, https://goo.gl/fbAQLP

exports[`Test <ReceiptPanel /> should match ReceiptPanel snapshot test 1`] = `
<div>
  <div
    class="MuiGrid-root {}"
  >
    <div
      class="MuiBox-root MuiBox-root-1"
    >
      <h1
        class="MuiTypography-root MuiTypography-h6"
      >
        Mock Receipt
      </h1>
      <pre>
        
EFTPOS FROM TEST TENANT
Presto VAA Sales
TEST Street
Address 0000


Country

      </pre>
    </div>
  </div>
</div>
`;
