// Jest Snapshot v1, https://goo.gl/fbAQLP

exports[`Test <SPIModal /> should match SPIModal snapshot test 1`] = `
<div
  aria-hidden="true"
/>
`;
