// Jest Snapshot v1, https://goo.gl/fbAQLP

exports[`Test <PayAtTablePage /> should match PayAtTablePage snapshot test 1`] = `
<div>
  <div>
    <div
      class="makeStyles-root-1"
    >
      <header
        class="MuiPaper-root MuiAppBar-root MuiAppBar-positionFixed MuiAppBar-colorPrimary makeStyles-navbar-2 mui-fixed MuiPaper-elevation4"
      >
        <div
          class="MuiToolbar-root MuiToolbar-dense MuiToolbar-gutters"
        >
          <div
            class="MuiBox-root MuiBox-root-7 makeStyles-navbar-4"
          >
            <div
              class="MuiBox-root MuiBox-root-8"
            >
              <button
                aria-label="menu"
                class="MuiButtonBase-root MuiIconButton-root makeStyles-menuButton-5 MuiIconButton-colorInherit MuiIconButton-edgeStart"
                data-test-id="navbarMenuIcon"
                name="menuIcon"
                tabindex="0"
                type="button"
              >
                <span
                  class="MuiIconButton-label"
                >
                  <svg
                    aria-hidden="true"
                    class="MuiSvgIcon-root"
                    focusable="false"
                    viewBox="0 0 24 24"
                  >
                    <path
                      d="M3 18h18v-2H3v2zm0-5h18v-2H3v2zm0-7v2h18V6H3z"
                    />
                  </svg>
                </span>
                <span
                  class="MuiTouchRipple-root"
                />
              </button>
              <svg>
                PrimaryLogoIcon.svg
              </svg>
            </div>
          </div>
        </div>
      </header>
    </div>
    <p>
      Pay At Table Page
    </p>
  </div>
</div>
`;
