// Jest Snapshot v1, https://goo.gl/fbAQLP

exports[`Test <PayAtTablePage /> should match PayAtTablePage snapshot test 1`] = `
<div>
  <div>
    <div
      class="makeStyles-root-10"
    >
      <header
        class="MuiPaper-root MuiAppBar-root MuiAppBar-positionFixed MuiAppBar-colorPrimary makeStyles-navbar-11 mui-fixed MuiPaper-elevation4"
      >
        <div
          class="MuiToolbar-root MuiToolbar-dense MuiToolbar-gutters"
        >
          <div
            class="MuiBox-root MuiBox-root-16 makeStyles-navbar-13"
          >
            <div
              class="MuiBox-root MuiBox-root-17"
            >
              <button
                aria-label="menu"
                class="MuiButtonBase-root MuiIconButton-root makeStyles-menuButton-14 MuiIconButton-colorInherit MuiIconButton-edgeStart"
                data-test-id="navbarMenuIcon"
                name="menuIcon"
                tabindex="0"
                type="button"
              >
                <span
                  class="MuiIconButton-label"
                >
                  <svg
                    aria-hidden="true"
                    class="MuiSvgIcon-root"
                    focusable="false"
                    viewBox="0 0 24 24"
                  >
                    <path
                      d="M3 18h18v-2H3v2zm0-5h18v-2H3v2zm0-7v2h18V6H3z"
                    />
                  </svg>
                </span>
                <span
                  class="MuiTouchRipple-root"
                />
              </button>
              <svg
                height="15"
                width="48"
              >
                PrimaryLogoIcon.svg
              </svg>
            </div>
          </div>
        </div>
      </header>
    </div>
    <div
      class="MuiContainer-root makeStyles-container-1 MuiContainer-maxWidthMd"
    >
      <h1
        class="MuiTypography-root MuiTypography-h5 MuiTypography-paragraph"
      >
        Pay At Table
      </h1>
      <div
        class="MuiGrid-root"
      >
        <div
          class="MuiGrid-root MuiGrid-item"
        >
          <div
            class="MuiPaper-root makeStyles-paper-18 MuiPaper-elevation0 MuiPaper-rounded"
          >
            <svg>
              UnpluggedIcon.svg
            </svg>
            <h6
              class="MuiTypography-root MuiTypography-subtitle1 MuiTypography-gutterBottom"
            >
              You don't have any terminals paired yet.
            </h6>
            <p
              class="MuiTypography-root MuiTypography-body2 MuiTypography-colorTextSecondary"
            >
              Fortunately, it's very easy to pair a terminal and start using Espresso POS.
            </p>
            <a
              aria-disabled="false"
              class="MuiButtonBase-root MuiButton-root MuiButton-contained MuiButton-containedPrimary"
              href="/terminals"
              role="button"
              tabindex="0"
            >
              <span
                class="MuiButton-label"
              >
                Go to terminals
              </span>
              <span
                class="MuiTouchRipple-root"
              />
            </a>
          </div>
        </div>
      </div>
    </div>
  </div>
</div>
`;
