// Jest Snapshot v1, https://goo.gl/fbAQLP

exports[`Test <RefundPage /> should match RefundPage snapshot test 1`] = `
<div>
  <div>
    <div
      class="makeStyles-root-1"
    >
      <header
        class="MuiPaper-root MuiAppBar-root MuiAppBar-positionFixed MuiAppBar-colorPrimary makeStyles-navbar-2 mui-fixed MuiPaper-elevation4"
      >
        <div
          class="MuiToolbar-root MuiToolbar-dense MuiToolbar-gutters"
        >
          <button
            aria-label="menu"
            class="MuiButtonBase-root MuiIconButton-root makeStyles-menuButton-4 MuiIconButton-colorInherit MuiIconButton-edgeStart"
            data-testid="navbarMenuIcon"
            name="menuIcon"
            tabindex="0"
            type="button"
          >
            <span
              class="MuiIconButton-label"
            >
              <svg
                aria-hidden="true"
                class="MuiSvgIcon-root"
                focusable="false"
                viewBox="0 0 24 24"
              >
                <path
                  d="M3 18h18v-2H3v2zm0-5h18v-2H3v2zm0-7v2h18V6H3z"
                />
              </svg>
            </span>
            <span
              class="MuiTouchRipple-root"
            />
          </button>
          <svg>
            PrimaryLogoIcon.svg
          </svg>
        </div>
      </header>
    </div>
    <p>
      Refund Page
    </p>
  </div>
</div>
`;
